// Vitest Snapshot v1, https://vitest.dev/guide/snapshot.html

exports[`Products low stock snapshot > matches snapshot when at least one item is low stock 1`] = `
<div
  class="min-h-screen bg-gray-100 pt-20 pb-16 px-4 transition-colors duration-300"
>
  <div
    class="max-w-7xl mx-auto"
  >
    <div
      class="flex flex-col space-y-6"
    >
      <h1
        class="text-3xl font-bold text-gray-800 transition-colors duration-300"
      >
        Products
      </h1>
      <div
        class="relative"
      >
        <input
          aria-label="Search products"
          class="w-full px-4 py-2 bg-white text-gray-800 border-gray-300 rounded-lg border focus:border-primary focus:ring-1 focus:ring-primary focus:outline-none transition-colors duration-300"
          placeholder="Search products..."
          type="text"
          value=""
        />
        <svg
          class="absolute right-3 top-1/2 transform -translate-y-1/2 h-5 w-5 text-gray-500 transition-colors duration-300"
          fill="none"
          stroke="currentColor"
          stroke-linecap="round"
          stroke-linejoin="round"
          stroke-width="2"
          viewBox="0 0 24 24"
        >
          <path
            d="M21 21l-6-6m2-5a7 7 0 11-14 0 7 7 0 0114 0z"
          />
        </svg>
      </div>
      <div
        class="grid grid-cols-1 sm:grid-cols-2 md:grid-cols-3 lg:grid-cols-4 gap-6"
      >
        <div
          class="bg-white rounded-lg overflow-hidden shadow-lg transform transition-all duration-300 hover:scale-105 hover:shadow-[0_0_25px_rgba(118,184,82,0.3)] flex flex-col"
        >
          <div
            class="relative h-56 bg-gradient-to-t from-gray-100 to-white transition-colors duration-300 cursor-pointer"
          >
            <img
              alt="SmartFeeder One"
              class="w-full h-full object-contain p-2"
              src="/smart-feeder.png"
            />
            <span
              class="absolute top-2 right-2 bg-red-600 text-white text-xs font-semibold px-2 py-1 rounded"
              title="Only 5 left in stock"
            >
              Low stock
            </span>
          </div>
          <div
            class="p-4 flex flex-col flex-grow"
          >
            <h3
              class="text-xl font-semibold text-gray-800 mb-2 transition-colors duration-300"
            >
              SmartFeeder One
            </h3>
            <p
              class="text-gray-600 mb-4 flex-grow transition-colors duration-300"
            >
              AI-powered feeder
            </p>
            <div
              class="space-y-4 mt-auto"
            >
              <div
                class="flex justify-between items-center"
              >
                <span
                  class="text-primary text-xl font-bold"
                >
                  $
                  129.99
                </span>
              </div>
              <div
                class="flex items-center justify-between"
              >
                <div
                  class="flex items-center space-x-3 bg-gray-200 rounded-lg p-1 transition-colors duration-300"
                >
                  <button
                    aria-label="Decrease quantity of SmartFeeder One"
                    class="w-8 h-8 flex items-center justify-center text-gray-700 hover:text-primary transition-colors duration-300"
                    id="decrease-qty-1"
                  >
                    <span
                      aria-hidden="true"
                    >
                      -
                    </span>
                  </button>
                  <span
                    aria-label="Quantity of SmartFeeder One"
                    class="text-gray-800 min-w-[2rem] text-center transition-colors duration-300"
                    id="qty-1"
                  >
                    0
                  </span>
                  <button
                    aria-label="Increase quantity of SmartFeeder One"
                    class="w-8 h-8 flex items-center justify-center text-gray-700 hover:text-primary transition-colors duration-300"
                    id="increase-qty-1"
                  >
                    <span
                      aria-hidden="true"
                    >
                      +
                    </span>
                  </button>
                </div>
                <button
                  aria-label="Add 0 SmartFeeder One to cart"
                  class="px-4 py-2 rounded-lg transition-colors bg-gray-200 text-gray-500 cursor-not-allowed"
                  disabled=""
                  id="add-to-cart-1"
                >
                  Add to Cart
                </button>
              </div>
            </div>
          </div>
        </div>
        <div
          class="bg-white rounded-lg overflow-hidden shadow-lg transform transition-all duration-300 hover:scale-105 hover:shadow-[0_0_25px_rgba(118,184,82,0.3)] flex flex-col"
        >
          <div
            class="relative h-56 bg-gradient-to-t from-gray-100 to-white transition-colors duration-300 cursor-pointer"
          >
            <img
              alt="CatFlix Entertainment Portal"
              class="w-full h-full object-contain p-2"
              src="/catflix.png"
            />
          </div>
          <div
            class="p-4 flex flex-col flex-grow"
          >
            <h3
              class="text-xl font-semibold text-gray-800 mb-2 transition-colors duration-300"
            >
              CatFlix Entertainment Portal
            </h3>
            <p
              class="text-gray-600 mb-4 flex-grow transition-colors duration-300"
            >
              On-demand cat entertainment
            </p>
            <div
              class="space-y-4 mt-auto"
            >
              <div
                class="flex justify-between items-center"
              >
                <span
                  class="text-primary text-xl font-bold"
                >
                  $
                  89.99
                </span>
              </div>
              <div
                class="flex items-center justify-between"
              >
                <div
                  class="flex items-center space-x-3 bg-gray-200 rounded-lg p-1 transition-colors duration-300"
                >
                  <button
                    aria-label="Decrease quantity of CatFlix Entertainment Portal"
                    class="w-8 h-8 flex items-center justify-center text-gray-700 hover:text-primary transition-colors duration-300"
                    id="decrease-qty-2"
                  >
                    <span
                      aria-hidden="true"
                    >
                      -
                    </span>
                  </button>
                  <span
                    aria-label="Quantity of CatFlix Entertainment Portal"
                    class="text-gray-800 min-w-[2rem] text-center transition-colors duration-300"
                    id="qty-2"
                  >
                    0
                  </span>
                  <button
                    aria-label="Increase quantity of CatFlix Entertainment Portal"
                    class="w-8 h-8 flex items-center justify-center text-gray-700 hover:text-primary transition-colors duration-300"
                    id="increase-qty-2"
                  >
                    <span
                      aria-hidden="true"
                    >
                      +
                    </span>
                  </button>
                </div>
                <button
                  aria-label="Add 0 CatFlix Entertainment Portal to cart"
                  class="px-4 py-2 rounded-lg transition-colors bg-gray-200 text-gray-500 cursor-not-allowed"
                  disabled=""
                  id="add-to-cart-2"
                >
                  Add to Cart
                </button>
              </div>
            </div>
          </div>
        </div>
      </div>
    </div>
  </div>
</div>
`;
